// Jest Snapshot v1, https://goo.gl/fbAQLP

exports[`GameInfo has the expected html structure 1`] = `<!---->`;
